{ 0: "stdin", 1: "stdout", 2: "stderr", 3: "fsFile" }
{ 0: "stdin", 1: "stdout", 2: "stderr", 3: "fsFile" }
{}
